Archive member included to satisfy reference by file (symbol)

C:\Users\Asus\Downloads\FreeRTOSv9.0.0\FreeRTOS\Demo\CORTEX_M0_LPC1114_LPCXpresso\CMSISv2p00_LPC11Uxx\Debug\libCMSISv2p00_LPC11Uxx.a(gpio.o)
                              ./Source/main.o (GPIOSetBitValue)
C:\Users\Asus\Downloads\FreeRTOSv9.0.0\FreeRTOS\Demo\CORTEX_M0_LPC1114_LPCXpresso\CMSISv2p00_LPC11Uxx\Debug\libCMSISv2p00_LPC11Uxx.a(system_LPC11Uxx.o)
                              ./Source/cr_startup_lpc11.o (SystemInit)
c:/nxp/lpcxpresso_8.2.2_650/lpcxpresso/tools/bin/../lib/gcc/arm-none-eabi/5.4.1/../../../../arm-none-eabi/lib/armv6-m\libcr_c.a(memcpy.o)
                              ./Source/FreeRTOS_Source/queue.o (memcpy)
c:/nxp/lpcxpresso_8.2.2_650/lpcxpresso/tools/bin/../lib/gcc/arm-none-eabi/5.4.1/../../../../arm-none-eabi/lib/armv6-m\libcr_c.a(memset.o)
                              ./Source/FreeRTOS_Source/tasks.o (memset)
c:/nxp/lpcxpresso_8.2.2_650/lpcxpresso/tools/bin/../lib/gcc/arm-none-eabi/5.4.1/../../../../arm-none-eabi/lib/armv6-m\libcr_c.a(__weak__main.o)
                              ./Source/cr_startup_lpc11.o (__main)
c:/nxp/lpcxpresso_8.2.2_650/lpcxpresso/tools/bin/../lib/gcc/arm-none-eabi/5.4.1/armv6-m\libcr_eabihelpers.a(division_32.o)
                              ./Source/FreeRTOS_Source/portable/GCC/ARM_CM0/port.o (__aeabi_uidiv)
c:/nxp/lpcxpresso_8.2.2_650/lpcxpresso/tools/bin/../lib/gcc/arm-none-eabi/5.4.1/armv6-m\libcr_eabihelpers.a(division_idiv0.o)
                              c:/nxp/lpcxpresso_8.2.2_650/lpcxpresso/tools/bin/../lib/gcc/arm-none-eabi/5.4.1/armv6-m\libcr_eabihelpers.a(division_32.o) (__aeabi_idiv0)
c:/nxp/lpcxpresso_8.2.2_650/lpcxpresso/tools/bin/../lib/gcc/arm-none-eabi/5.4.1/armv6-m\libcr_eabihelpers.a(memcpy.o)
                              c:/nxp/lpcxpresso_8.2.2_650/lpcxpresso/tools/bin/../lib/gcc/arm-none-eabi/5.4.1/../../../../arm-none-eabi/lib/armv6-m\libcr_c.a(memcpy.o) (__aeabi_memcpy)
c:/nxp/lpcxpresso_8.2.2_650/lpcxpresso/tools/bin/../lib/gcc/arm-none-eabi/5.4.1/armv6-m\libcr_eabihelpers.a(thumb1_switch_helpers.o)
                              C:\Users\Asus\Downloads\FreeRTOSv9.0.0\FreeRTOS\Demo\CORTEX_M0_LPC1114_LPCXpresso\CMSISv2p00_LPC11Uxx\Debug\libCMSISv2p00_LPC11Uxx.a(gpio.o) (__gnu_thumb1_case_uqi)

Allocating common symbols
Common symbol       size              file

xQueueRegistry      0x40              ./Source/FreeRTOS_Source/queue.o
xHighPriorityNormallyEmptyTask2
                    0x4               ./Source/Common_Demo_Tasks/IntQueue.o
xHighPriorityNormallyFullTask1
                    0x4               ./Source/Common_Demo_Tasks/IntQueue.o
xHighPriorityNormallyEmptyTask1
                    0x4               ./Source/Common_Demo_Tasks/IntQueue.o
xHighPriorityNormallyFullTask2
                    0x4               ./Source/Common_Demo_Tasks/IntQueue.o

Discarded input sections

 .group         0x00000000        0x8 ./Source/FreeRTOS_Source/portable/MemMang/heap_1.o
 .group         0x00000000        0x8 ./Source/FreeRTOS_Source/portable/MemMang/heap_1.o
 .group         0x00000000        0x8 ./Source/FreeRTOS_Source/portable/MemMang/heap_1.o
 .group         0x00000000        0x8 ./Source/FreeRTOS_Source/portable/MemMang/heap_1.o
 .group         0x00000000        0x8 ./Source/FreeRTOS_Source/portable/MemMang/heap_1.o
 .group         0x00000000        0x8 ./Source/FreeRTOS_Source/portable/MemMang/heap_1.o
 .group         0x00000000        0x8 ./Source/FreeRTOS_Source/portable/MemMang/heap_1.o
 .group         0x00000000        0x8 ./Source/FreeRTOS_Source/portable/MemMang/heap_1.o
 .group         0x00000000        0x8 ./Source/FreeRTOS_Source/portable/MemMang/heap_1.o
 .group         0x00000000        0x8 ./Source/FreeRTOS_Source/portable/MemMang/heap_1.o
 .group         0x00000000        0x8 ./Source/FreeRTOS_Source/portable/MemMang/heap_1.o
 .group         0x00000000        0x8 ./Source/FreeRTOS_Source/portable/MemMang/heap_1.o
 .group         0x00000000        0x8 ./Source/FreeRTOS_Source/portable/MemMang/heap_1.o
 .text          0x00000000        0x0 ./Source/FreeRTOS_Source/portable/MemMang/heap_1.o
 .data          0x00000000        0x0 ./Source/FreeRTOS_Source/portable/MemMang/heap_1.o
 .bss           0x00000000        0x0 ./Source/FreeRTOS_Source/portable/MemMang/heap_1.o
 .text.vPortInitialiseBlocks
                0x00000000       0x14 ./Source/FreeRTOS_Source/portable/MemMang/heap_1.o
 .text.xPortGetFreeHeapSize
                0x00000000       0x18 ./Source/FreeRTOS_Source/portable/MemMang/heap_1.o
 .group         0x00000000        0x8 ./Source/FreeRTOS_Source/portable/GCC/ARM_CM0/port.o
 .group         0x00000000        0x8 ./Source/FreeRTOS_Source/portable/GCC/ARM_CM0/port.o
 .group         0x00000000        0x8 ./Source/FreeRTOS_Source/portable/GCC/ARM_CM0/port.o
 .group         0x00000000        0x8 ./Source/FreeRTOS_Source/portable/GCC/ARM_CM0/port.o
[...]
Memory Configuration

Name             Origin             Length             Attributes
MFlash32         0x00000000         0x00008000         xr
RamLoc4          0x10000000         0x00001000         xrw
RamUsb2          0x20004000         0x00000800         xrw
*default*        0x00000000         0xffffffff

Linker script and memory map

LOAD ./Source/FreeRTOS_Source/portable/MemMang/heap_1.o
LOAD ./Source/FreeRTOS_Source/portable/GCC/ARM_CM0/port.o
LOAD ./Source/FreeRTOS_Source/list.o
LOAD ./Source/FreeRTOS_Source/queue.o
LOAD ./Source/FreeRTOS_Source/tasks.o
LOAD ./Source/FreeRTOS_Source/timers.o
LOAD ./Source/Common_Demo_Tasks/IntQueue.o
LOAD ./Source/Common_Demo_Tasks/blocktim.o
LOAD ./Source/Common_Demo_Tasks/countsem.o
LOAD ./Source/Common_Demo_Tasks/recmutex.o
LOAD ./Source/IntQueueTimer.o
LOAD ./Source/cr_startup_lpc11.o
LOAD ./Source/main.o
LOAD C:\Users\Asus\Downloads\FreeRTOSv9.0.0\FreeRTOS\Demo\CORTEX_M0_LPC1114_LPCXpresso\CMSISv2p00_LPC11Uxx\Debug\libCMSISv2p00_LPC11Uxx.a
START GROUP
LOAD c:/nxp/lpcxpresso_8.2.2_650/lpcxpresso/tools/bin/../lib/gcc/arm-none-eabi/5.4.1/../../../../arm-none-eabi/lib/armv6-m\libcr_c.a
LOAD c:/nxp/lpcxpresso_8.2.2_650/lpcxpresso/tools/bin/../lib/gcc/arm-none-eabi/5.4.1/armv6-m\libcr_eabihelpers.a
END GROUP
                0x00000000                __base_MFlash32 = 0x0
                0x00000000                __base_Flash = 0x0
                0x00008000                __top_MFlash32 = 0x8000
                0x00008000                __top_Flash = 0x8000
                0x10000000                __base_RamLoc4 = 0x10000000
                0x10000000                __base_RAM = 0x10000000
                0x10001000                __top_RamLoc4 = 0x10001000
                0x10001000                __top_RAM = 0x10001000
                0x20004000                __base_RamUsb2 = 0x20004000
                0x20004000                __base_RAM2 = 0x20004000
                0x20004800                __top_RamUsb2 = 0x20004800
                0x20004800                __top_RAM2 = 0x20004800

.text           0x00000000     0x2a90
 FILL mask 0xff
                0x00000000                __vectors_start__ = ABSOLUTE (.)
 *(.isr_vector)
 .isr_vector    0x00000000       0xc0 ./Source/cr_startup_lpc11.o
                0x00000000                g_pfnVectors
                0x000000c0                . = ALIGN (0x4)
                0x000000c0                __section_table_start = .
                0x000000c0                __data_section_table = .
                0x000000c0        0x4 LONG 0x2a90 LOADADDR (.data)
                0x000000c4        0x4 LONG 0x10000000 ADDR (.data)
                0x000000c8        0x4 LONG 0xc SIZEOF (.data)
                0x000000cc        0x4 LONG 0x2a90 LOADADDR (.data_RAM2)
                0x000000d0        0x4 LONG 0x20004000 ADDR (.data_RAM2)
                0x000000d4        0x4 LONG 0x0 SIZEOF (.data_RAM2)
                0x000000d8                __data_section_table_end = .
                0x000000d8                __bss_section_table = .
                0x000000d8        0x4 LONG 0x1000000c ADDR (.bss)
                0x000000dc        0x4 LONG 0xb3c SIZEOF (.bss)
                0x000000e0        0x4 LONG 0x20004000 ADDR (.bss_RAM2)
                0x000000e4        0x4 LONG 0x0 SIZEOF (.bss_RAM2)
                0x000000e8                __bss_section_table_end = .
                0x000000e8                __section_table_end = .
 *(.after_vectors*)
 .after_vectors
                0x000000e8       0x8c ./Source/cr_startup_lpc11.o
                0x000000e8                NMI_Handler
                0x000000ea                HardFault_Handler
                0x00000110                UART_IRQHandler
                0x00000110                TIMER32_0_IRQHandler
                0x00000110                WDT_IRQHandler
                0x00000110                TIMER32_1_IRQHandler
                0x00000110                IntDefaultHandler
                0x00000110                PIOINT1_IRQHandler
                0x00000110                CAN_IRQHandler
                0x00000110                SSP0_IRQHandler
                0x00000110                PIOINT3_IRQHandler
                0x00000110                ADC_IRQHandler
                0x00000110                SSP1_IRQHandler
                0x00000110                PIOINT2_IRQHandler
                0x00000110                BOD_IRQHandler
                0x00000110                WAKEUP_IRQHandler
                0x00000110                PIOINT0_IRQHandler
                0x00000110                I2C_IRQHandler
                0x00000112                data_init
                0x00000124                bss_init
                0x00000134                ResetISR
 *(.text*)
 .text.pvPortMalloc
                0x00000174       0x94 ./Source/FreeRTOS_Source/portable/MemMang/heap_1.o
                0x00000174                pvPortMalloc
 .text.vPortFree
                0x00000208       0x1c ./Source/FreeRTOS_Source/portable/MemMang/heap_1.o
                0x00000208                vPortFree
 .text.pxPortInitialiseStack
                0x00000224       0x54 ./Source/FreeRTOS_Source/portable/GCC/ARM_CM0/port.o
                0x00000224                pxPortInitialiseStack
 .text.prvTaskExitError
                0x00000278       0x18 ./Source/FreeRTOS_Source/portable/GCC/ARM_CM0/port.o
 .text.SVCall_Handler
                0x00000290        0xc ./Source/FreeRTOS_Source/portable/GCC/ARM_CM0/port.o
                0x00000290                SVCall_Handler
 *fill*         0x0000029c        0x4 ff
 .text.vPortStartFirstTask
                0x000002a0       0x38 ./Source/FreeRTOS_Source/portable/GCC/ARM_CM0/port.o
 .text.xPortStartScheduler
                0x000002d8       0x44 ./Source/FreeRTOS_Source/portable/GCC/ARM_CM0/port.o
                0x000002d8                xPortStartScheduler
 .text.vPortYield
                0x0000031c       0x20 ./Source/FreeRTOS_Source/portable/GCC/ARM_CM0/port.o
                0x0000031c                vPortYield
 .text.vPortEnterCritical
                0x0000033c       0x24 ./Source/FreeRTOS_Source/portable/GCC/ARM_CM0/port.o
                0x0000033c                vPortEnterCritical
 .text.vPortExitCritical
                0x00000360       0x30 ./Source/FreeRTOS_Source/portable/GCC/ARM_CM0/port.o
                0x00000360                vPortExitCritical
 .text.ulSetInterruptMaskFromISR
                0x00000390        0xc ./Source/FreeRTOS_Source/portable/GCC/ARM_CM0/port.o
                0x00000390                ulSetInterruptMaskFromISR
 .text.vClearInterruptMaskFromISR
                0x0000039c        0x8 ./Source/FreeRTOS_Source/portable/GCC/ARM_CM0/port.o
                0x0000039c                vClearInterruptMaskFromISR
 *fill*         0x000003a4        0xc ff
 .text.PendSV_Handler
                0x000003b0       0x48 ./Source/FreeRTOS_Source/portable/GCC/ARM_CM0/port.o
                0x000003b0                PendSV_Handler
 .text.SysTick_Handler
                0x000003f8       0x34 ./Source/FreeRTOS_Source/portable/GCC/ARM_CM0/port.o
                0x000003f8                SysTick_Handler
 .text.prvSetupTimerInterrupt
                0x0000042c       0x34 ./Source/FreeRTOS_Source/portable/GCC/ARM_CM0/port.o
 .text.vListInitialise
                0x00000460       0x3c ./Source/FreeRTOS_Source/list.o
                0x00000460                vListInitialise
 .text.vListInitialiseItem
                0x0000049c       0x18 ./Source/FreeRTOS_Source/list.o
                0x0000049c                vListInitialiseItem
 .text.vListInsertEnd
                0x000004b4       0x44 ./Source/FreeRTOS_Source/list.o
                0x000004b4                vListInsertEnd
 .text.vListInsert
                0x000004f8       0x6c ./Source/FreeRTOS_Source/list.o
                0x000004f8                vListInsert
 .text.uxListRemove
                0x00000564       0x50 ./Source/FreeRTOS_Source/list.o
                0x00000564                uxListRemove
 .text.xQueueGenericReset
                0x000005b4       0xa8 ./Source/FreeRTOS_Source/queue.o
                0x000005b4                xQueueGenericReset
 .text.xQueueGenericCreate
                0x0000065c       0x64 ./Source/FreeRTOS_Source/queue.o
                0x0000065c                xQueueGenericCreate
 .text.prvInitialiseNewQueue
                0x000006c0       0x50 ./Source/FreeRTOS_Source/queue.o
 .text.xQueueGenericSend
                0x00000710      0x188 ./Source/FreeRTOS_Source/queue.o
                0x00000710                xQueueGenericSend
 .text.xQueueGenericSendFromISR
                0x00000898       0xe4 ./Source/FreeRTOS_Source/queue.o
                0x00000898                xQueueGenericSendFromISR
 .text.xQueueGenericReceive
                0x0000097c      0x1c8 ./Source/FreeRTOS_Source/queue.o
                0x0000097c                xQueueGenericReceive
 .text.xQueueReceiveFromISR
                0x00000b44       0xc8 ./Source/FreeRTOS_Source/queue.o
                0x00000b44                xQueueReceiveFromISR
 .text.prvCopyDataToQueue
                0x00000c0c       0xd8 ./Source/FreeRTOS_Source/queue.o
 .text.prvCopyDataFromQueue
                0x00000ce4       0x4c ./Source/FreeRTOS_Source/queue.o
 .text.prvUnlockQueue
                0x00000d30       0xc0 ./Source/FreeRTOS_Source/queue.o
 .text.prvIsQueueEmpty
                0x00000df0       0x2c ./Source/FreeRTOS_Source/queue.o
 .text.prvIsQueueFull
                0x00000e1c       0x30 ./Source/FreeRTOS_Source/queue.o
 .text.xQueueIsQueueFullFromISR
                0x00000e4c       0x34 ./Source/FreeRTOS_Source/queue.o
                0x00000e4c                xQueueIsQueueFullFromISR
 .text.vQueueAddToRegistry
                0x00000e80       0x50 ./Source/FreeRTOS_Source/queue.o
                0x00000e80                vQueueAddToRegistry
 .text.vQueueWaitForMessageRestricted
                0x00000ed0       0x68 ./Source/FreeRTOS_Source/queue.o
                0x00000ed0                vQueueWaitForMessageRestricted
 .text.xTaskCreate
                0x00000f38       0x90 ./Source/FreeRTOS_Source/tasks.o
                0x00000f38                xTaskCreate
 .text.prvInitialiseNewTask
                0x00000fc8      0x104 ./Source/FreeRTOS_Source/tasks.o
 .text.prvAddNewTaskToReadyList
                0x000010cc       0xd0 ./Source/FreeRTOS_Source/tasks.o
 .text.vTaskDelayUntil
                0x0000119c       0xb8 ./Source/FreeRTOS_Source/tasks.o
                0x0000119c                vTaskDelayUntil
 .text.vTaskStartScheduler
                0x00001254       0x78 ./Source/FreeRTOS_Source/tasks.o
                0x00001254                vTaskStartScheduler
 .text.vTaskSuspendAll
                0x000012cc       0x18 ./Source/FreeRTOS_Source/tasks.o
                0x000012cc                vTaskSuspendAll
 .text.xTaskResumeAll
                0x000012e4      0x118 ./Source/FreeRTOS_Source/tasks.o
                0x000012e4                xTaskResumeAll
 .text.xTaskGetTickCount
                0x000013fc       0x1c ./Source/FreeRTOS_Source/tasks.o
                0x000013fc                xTaskGetTickCount
 .text.xTaskIncrementTick
                0x00001418      0x178 ./Source/FreeRTOS_Source/tasks.o
                0x00001418                xTaskIncrementTick
 .text.vTaskSwitchContext
                0x00001590       0xf4 ./Source/FreeRTOS_Source/tasks.o
                0x00001590                vTaskSwitchContext
 .text.vTaskPlaceOnEventList
                0x00001684       0x3c ./Source/FreeRTOS_Source/tasks.o
                0x00001684                vTaskPlaceOnEventList
 .text.vTaskPlaceOnEventListRestricted
                0x000016c0       0x4c ./Source/FreeRTOS_Source/tasks.o
                0x000016c0                vTaskPlaceOnEventListRestricted
 .text.xTaskRemoveFromEventList
                0x0000170c       0xb8 ./Source/FreeRTOS_Source/tasks.o
                0x0000170c                xTaskRemoveFromEventList
 .text.vTaskSetTimeOutState
                0x000017c4       0x34 ./Source/FreeRTOS_Source/tasks.o
                0x000017c4                vTaskSetTimeOutState
 .text.xTaskCheckForTimeOut
                0x000017f8       0x9c ./Source/FreeRTOS_Source/tasks.o
                0x000017f8                xTaskCheckForTimeOut
 .text.vTaskMissedYield
                0x00001894       0x14 ./Source/FreeRTOS_Source/tasks.o
                0x00001894                vTaskMissedYield
 .text.prvIdleTask
                0x000018a8       0x20 ./Source/FreeRTOS_Source/tasks.o
 .text.prvInitialiseTaskLists
                0x000018c8       0x88 ./Source/FreeRTOS_Source/tasks.o
 .text.prvCheckTasksWaitingTermination
                0x00001950       0x74 ./Source/FreeRTOS_Source/tasks.o
 .text.prvDeleteTCB
                0x000019c4       0x24 ./Source/FreeRTOS_Source/tasks.o
 .text.prvResetNextTaskUnblockTime
                0x000019e8       0x48 ./Source/FreeRTOS_Source/tasks.o
 .text.xTaskGetSchedulerState
                0x00001a30       0x38 ./Source/FreeRTOS_Source/tasks.o
                0x00001a30                xTaskGetSchedulerState
 .text.vTaskPriorityInherit
                0x00001a68       0xbc ./Source/FreeRTOS_Source/tasks.o
                0x00001a68                vTaskPriorityInherit
 .text.xTaskPriorityDisinherit
                0x00001b24       0xb8 ./Source/FreeRTOS_Source/tasks.o
                0x00001b24                xTaskPriorityDisinherit
 .text.pvTaskIncrementMutexHeldCount
                0x00001bdc       0x24 ./Source/FreeRTOS_Source/tasks.o
                0x00001bdc                pvTaskIncrementMutexHeldCount
 .text.prvAddCurrentTaskToDelayedList
                0x00001c00       0xa8 ./Source/FreeRTOS_Source/tasks.o
 .text.xTimerCreateTimerTask
                0x00001ca8       0x54 ./Source/FreeRTOS_Source/timers.o
                0x00001ca8                xTimerCreateTimerTask
 .text.xTimerGenericCommand
                0x00001cfc       0x9c ./Source/FreeRTOS_Source/timers.o
                0x00001cfc                xTimerGenericCommand
 .text.prvProcessExpiredTimer
                0x00001d98       0x70 ./Source/FreeRTOS_Source/timers.o
 .text.prvTimerTask
                0x00001e08       0x28 ./Source/FreeRTOS_Source/timers.o
 .text.prvProcessTimerOrBlockTask
                0x00001e30       0x8c ./Source/FreeRTOS_Source/timers.o
 .text.prvGetNextExpireTime
                0x00001ebc       0x40 ./Source/FreeRTOS_Source/timers.o
 .text.prvSampleTimeNow
                0x00001efc       0x40 ./Source/FreeRTOS_Source/timers.o
 .text.prvInsertTimerInActiveList
                0x00001f3c       0x84 ./Source/FreeRTOS_Source/timers.o
 .text.prvProcessReceivedCommands
                0x00001fc0      0x100 ./Source/FreeRTOS_Source/timers.o
 .text.prvSwitchTimerLists
                0x000020c0       0xb4 ./Source/FreeRTOS_Source/timers.o
 .text.prvCheckForValidListAndQueue
                0x00002174       0x74 ./Source/FreeRTOS_Source/timers.o
 .text.prvRecordValue_NormallyFull
                0x000021e8       0x40 ./Source/Common_Demo_Tasks/IntQueue.o
 .text.prvRecordValue_NormallyEmpty
                0x00002228       0x40 ./Source/Common_Demo_Tasks/IntQueue.o
 .text.prvQueueAccessLogError
                0x00002268       0x24 ./Source/Common_Demo_Tasks/IntQueue.o
 .text.xFirstTimerHandler
                0x0000228c      0x178 ./Source/Common_Demo_Tasks/IntQueue.o
                0x0000228c                xFirstTimerHandler
 .text.xSecondTimerHandler
                0x00002404      0x224 ./Source/Common_Demo_Tasks/IntQueue.o
                0x00002404                xSecondTimerHandler
 .text.TIMER16_0_IRQHandler
                0x00002628       0x2c ./Source/IntQueueTimer.o
                0x00002628                TIMER16_0_IRQHandler
 .text.TIMER16_1_IRQHandler
                0x00002654       0x2c ./Source/IntQueueTimer.o
                0x00002654                TIMER16_1_IRQHandler
 .text.pop_registers_from_fault_stack
                0x00002680       0x26 ./Source/cr_startup_lpc11.o
                0x00002680                pop_registers_from_fault_stack
 *fill*         0x000026a6        0x2 ff
 .text.main     0x000026a8       0x6c ./Source/main.o
                0x000026a8                main
 .text.vMainToggleLED
                0x00002714       0x3c ./Source/main.o
                0x00002714                vMainToggleLED
 .text.prvSetupHardware
                0x00002750       0x4c ./Source/main.o
 .text.vApplicationMallocFailedHook
                0x0000279c        0x8 ./Source/main.o
                0x0000279c                vApplicationMallocFailedHook
 .text.vApplicationStackOverflowHook
                0x000027a4       0x10 ./Source/main.o
                0x000027a4                vApplicationStackOverflowHook
 .text.vApplicationTickHook
                0x000027b4        0xc ./Source/main.o
                0x000027b4                vApplicationTickHook
 .text.prvQueueSendTask
                0x000027c0       0x48 ./Source/main.o
 .text.prvQueueReceiveTask
                0x00002808       0x38 ./Source/main.o
 .text.GPIOSetBitValue
                0x00002840       0x1e C:\Users\Asus\Downloads\FreeRTOSv9.0.0\FreeRTOS\Demo\CORTEX_M0_LPC1114_LPCXpresso\CMSISv2p00_LPC11Uxx\Debug\libCMSISv2p00_LPC11Uxx.a(gpio.o)
                0x00002840                GPIOSetBitValue
 .text.GPIOSetDir
                0x0000285e       0x2e C:\Users\Asus\Downloads\FreeRTOSv9.0.0\FreeRTOS\Demo\CORTEX_M0_LPC1114_LPCXpresso\CMSISv2p00_LPC11Uxx\Debug\libCMSISv2p00_LPC11Uxx.a(gpio.o)
                0x0000285e                GPIOSetDir
 .text.SystemInit
                0x0000288c       0xd4 C:\Users\Asus\Downloads\FreeRTOSv9.0.0\FreeRTOS\Demo\CORTEX_M0_LPC1114_LPCXpresso\CMSISv2p00_LPC11Uxx\Debug\libCMSISv2p00_LPC11Uxx.a(system_LPC11Uxx.o)
                0x0000288c                SystemInit
 .text.memcpy   0x00002960        0x8 c:/nxp/lpcxpresso_8.2.2_650/lpcxpresso/tools/bin/../lib/gcc/arm-none-eabi/5.4.1/../../../../arm-none-eabi/lib/armv6-m\libcr_c.a(memcpy.o)
                0x00002960                memcpy
 .text.memset   0x00002968        0x8 c:/nxp/lpcxpresso_8.2.2_650/lpcxpresso/tools/bin/../lib/gcc/arm-none-eabi/5.4.1/../../../../arm-none-eabi/lib/armv6-m\libcr_c.a(memset.o)
                0x00002968                memset
 .text.__weak_main
                0x00002970        0x8 c:/nxp/lpcxpresso_8.2.2_650/lpcxpresso/tools/bin/../lib/gcc/arm-none-eabi/5.4.1/../../../../arm-none-eabi/lib/armv6-m\libcr_c.a(__weak__main.o)
                0x00002970                __weak_main
                0x00002970                __main
 .text.__aeabi_division_idivmod
                0x00002978       0x78 c:/nxp/lpcxpresso_8.2.2_650/lpcxpresso/tools/bin/../lib/gcc/arm-none-eabi/5.4.1/armv6-m\libcr_eabihelpers.a(division_32.o)
                0x00002978                __aeabi_idivmod
                0x00002978                __aeabi_idiv
                0x0000297e                __aeabi_uidivmod
                0x0000297e                __aeabi_uidiv
 .text.__aeabi_division_idiv0
                0x000029f0        0x2 c:/nxp/lpcxpresso_8.2.2_650/lpcxpresso/tools/bin/../lib/gcc/arm-none-eabi/5.4.1/armv6-m\libcr_eabihelpers.a(division_idiv0.o)
                0x000029f0                __aeabi_idiv0
 .text.__aeabi_memcpy
                0x000029f2       0x2c c:/nxp/lpcxpresso_8.2.2_650/lpcxpresso/tools/bin/../lib/gcc/arm-none-eabi/5.4.1/armv6-m\libcr_eabihelpers.a(memcpy.o)
                0x000029f2                __aeabi_memcpy4
                0x000029f2                __aeabi_memcpy8
                0x000029f2                __aeabi_memcpy
 .text.__aeabi_memset_lowlevel
                0x00002a1e       0x2a c:/nxp/lpcxpresso_8.2.2_650/lpcxpresso/tools/bin/../lib/gcc/arm-none-eabi/5.4.1/armv6-m\libcr_eabihelpers.a(memcpy.o)
                0x00002a1e                __aeabi_lowlevel_memset
 *(.rodata .rodata.* .constdata .constdata.*)
 .rodata        0x00002a48        0x5 ./Source/FreeRTOS_Source/tasks.o
 *fill*         0x00002a4d        0x3 ff
 .rodata        0x00002a50        0xd ./Source/FreeRTOS_Source/timers.o
 *fill*         0x00002a5d        0x3 ff
 .rodata.prvProcessReceivedCommands
                0x00002a60       0x28 ./Source/FreeRTOS_Source/timers.o
 .rodata        0x00002a88        0x7 ./Source/main.o
                0x00002a90                . = ALIGN (0x4)
 *fill*         0x00002a8f        0x1 ff

.glue_7         0x00002a90        0x0
 .glue_7        0x00002a90        0x0 linker stubs

.glue_7t        0x00002a90        0x0
 .glue_7t       0x00002a90        0x0 linker stubs

.vfp11_veneer   0x00002a90        0x0
 .vfp11_veneer  0x00002a90        0x0 linker stubs

.v4_bx          0x00002a90        0x0
 .v4_bx         0x00002a90        0x0 linker stubs

.iplt           0x00002a90        0x0
 .iplt          0x00002a90        0x0 ./Source/FreeRTOS_Source/portable/MemMang/heap_1.o

.rel.dyn        0x00002a90        0x0
 .rel.iplt      0x00002a90        0x0 ./Source/FreeRTOS_Source/portable/MemMang/heap_1.o

.ARM.extab
 *(.ARM.extab* .gnu.linkonce.armextab.*)
                0x00002a90                __exidx_start = .

.ARM.exidx
 *(.ARM.exidx* .gnu.linkonce.armexidx.*)
                0x00002a90                __exidx_end = .
                0x00002a90                _etext = .

.data_RAM2      0x20004000        0x0 load address 0x00002a90
 FILL mask 0xff
                [!provide]                PROVIDE (__start_data_RAM2, .)
 *(.ramfunc.$RAM2)
 *(.ramfunc.$RamUsb2)
 *(.data.$RAM2*)
 *(.data.$RamUsb2*)
                0x20004000                . = ALIGN (0x4)
                [!provide]                PROVIDE (__end_data_RAM2, .)

.uninit_RESERVED
                0x10000000        0x0
 *(.bss.$RESERVED*)
                0x10000000                . = ALIGN (0x4)
                0x10000000                _end_uninit_RESERVED = .

.data           0x10000000        0xc load address 0x00002a90
 FILL mask 0xff
                0x10000000                _data = .
 *(vtable)
 *(.ramfunc*)
 *(.data*)
 .data.uxCriticalNesting
                0x10000000        0x4 ./Source/FreeRTOS_Source/portable/GCC/ARM_CM0/port.o
 .data.xErrorStatus
                0x10000004        0x4 ./Source/Common_Demo_Tasks/IntQueue.o
 .data.SystemCoreClock
                0x10000008        0x4 C:\Users\Asus\Downloads\FreeRTOSv9.0.0\FreeRTOS\Demo\CORTEX_M0_LPC1114_LPCXpresso\CMSISv2p00_LPC11Uxx\Debug\libCMSISv2p00_LPC11Uxx.a(system_LPC11Uxx.o)
                0x10000008                SystemCoreClock
                0x1000000c                . = ALIGN (0x4)
                0x1000000c                _edata = .

.igot.plt       0x1000000c        0x0 load address 0x00002a9c
 .igot.plt      0x1000000c        0x0 ./Source/FreeRTOS_Source/portable/MemMang/heap_1.o

.bss_RAM2       0x20004000        0x0
                [!provide]                PROVIDE (__start_bss_RAM2, .)
 *(.bss.$RAM2*)
 *(.bss.$RamUsb2*)
                0x20004000                . = ALIGN ((. != 0x0)?0x4:0x1)
                [!provide]                PROVIDE (__end_bss_RAM2, .)

.bss            0x1000000c      0xb3c
                0x1000000c                _bss = .
 *(.bss*)
 .bss.ucHeap    0x1000000c      0x800 ./Source/FreeRTOS_Source/portable/MemMang/heap_1.o
 .bss.xNextFreeByte
                0x1000080c        0x4 ./Source/FreeRTOS_Source/portable/MemMang/heap_1.o
 .bss.pucAlignedHeap.4294
                0x10000810        0x4 ./Source/FreeRTOS_Source/portable/MemMang/heap_1.o
 .bss.pxCurrentTCB
                0x10000814        0x4 ./Source/FreeRTOS_Source/tasks.o
                0x10000814                pxCurrentTCB
 .bss.pxReadyTasksLists
                0x10000818       0x64 ./Source/FreeRTOS_Source/tasks.o
 .bss.xDelayedTaskList1
                0x1000087c       0x14 ./Source/FreeRTOS_Source/tasks.o
 .bss.xDelayedTaskList2
                0x10000890       0x14 ./Source/FreeRTOS_Source/tasks.o
 .bss.pxDelayedTaskList
                0x100008a4        0x4 ./Source/FreeRTOS_Source/tasks.o
 .bss.pxOverflowDelayedTaskList
                0x100008a8        0x4 ./Source/FreeRTOS_Source/tasks.o
 .bss.xPendingReadyList
                0x100008ac       0x14 ./Source/FreeRTOS_Source/tasks.o
 .bss.xTasksWaitingTermination
                0x100008c0       0x14 ./Source/FreeRTOS_Source/tasks.o
 .bss.uxDeletedTasksWaitingCleanUp
                0x100008d4        0x4 ./Source/FreeRTOS_Source/tasks.o
 .bss.xSuspendedTaskList
                0x100008d8       0x14 ./Source/FreeRTOS_Source/tasks.o
 .bss.uxCurrentNumberOfTasks
                0x100008ec        0x4 ./Source/FreeRTOS_Source/tasks.o
 .bss.xTickCount
                0x100008f0        0x4 ./Source/FreeRTOS_Source/tasks.o
 .bss.uxTopReadyPriority
                0x100008f4        0x4 ./Source/FreeRTOS_Source/tasks.o
 .bss.xSchedulerRunning
                0x100008f8        0x4 ./Source/FreeRTOS_Source/tasks.o
 .bss.uxPendedTicks
                0x100008fc        0x4 ./Source/FreeRTOS_Source/tasks.o
 .bss.xYieldPending
                0x10000900        0x4 ./Source/FreeRTOS_Source/tasks.o
 .bss.xNumOfOverflows
                0x10000904        0x4 ./Source/FreeRTOS_Source/tasks.o
 .bss.uxTaskNumber
                0x10000908        0x4 ./Source/FreeRTOS_Source/tasks.o
 .bss.xNextTaskUnblockTime
                0x1000090c        0x4 ./Source/FreeRTOS_Source/tasks.o
 .bss.xIdleTaskHandle
                0x10000910        0x4 ./Source/FreeRTOS_Source/tasks.o
 .bss.uxSchedulerSuspended
                0x10000914        0x4 ./Source/FreeRTOS_Source/tasks.o
 .bss.xActiveTimerList1
                0x10000918       0x14 ./Source/FreeRTOS_Source/timers.o
 .bss.xActiveTimerList2
                0x1000092c       0x14 ./Source/FreeRTOS_Source/timers.o
 .bss.pxCurrentTimerList
                0x10000940        0x4 ./Source/FreeRTOS_Source/timers.o
 .bss.pxOverflowTimerList
                0x10000944        0x4 ./Source/FreeRTOS_Source/timers.o
 .bss.xTimerQueue
                0x10000948        0x4 ./Source/FreeRTOS_Source/timers.o
 .bss.xTimerTaskHandle
                0x1000094c        0x4 ./Source/FreeRTOS_Source/timers.o
 .bss.xLastTime.4586
                0x10000950        0x4 ./Source/FreeRTOS_Source/timers.o
 .bss.xNormallyEmptyQueue
                0x10000954        0x4 ./Source/Common_Demo_Tasks/IntQueue.o
 .bss.xNormallyFullQueue
                0x10000958        0x4 ./Source/Common_Demo_Tasks/IntQueue.o
 .bss.xErrorLine
                0x1000095c        0x4 ./Source/Common_Demo_Tasks/IntQueue.o
 .bss.uxValueForNormallyEmptyQueue
                0x10000960        0x4 ./Source/Common_Demo_Tasks/IntQueue.o
 .bss.uxValueForNormallyFullQueue
                0x10000964        0x4 ./Source/Common_Demo_Tasks/IntQueue.o
 .bss.ucNormallyEmptyReceivedValues
                0x10000968       0xc8 ./Source/Common_Demo_Tasks/IntQueue.o
 .bss.ucNormallyFullReceivedValues
                0x10000a30       0xc8 ./Source/Common_Demo_Tasks/IntQueue.o
 .bss.uxNextOperation.4489
                0x10000af8        0x4 ./Source/Common_Demo_Tasks/IntQueue.o
 .bss.uxNextOperation.4498
                0x10000afc        0x4 ./Source/Common_Demo_Tasks/IntQueue.o
 .bss.xQueue    0x10000b00        0x4 ./Source/main.o
 .bss.ulLEDState.5008
                0x10000b04        0x4 ./Source/main.o
 *(COMMON)
 COMMON         0x10000b08       0x40 ./Source/FreeRTOS_Source/queue.o
                0x10000b08                xQueueRegistry
                0x10000b48                . = ALIGN (0x4)
                0x10000b48                _ebss = .
                [!provide]                PROVIDE (end, .)

.noinit_RAM2    0x20004000        0x0
 *(.noinit.$RAM2*)
 *(.noinit.$RamUsb2*)
                0x20004000                . = ALIGN (0x4)

.noinit         0x10000b48        0x0
                0x10000b48                _noinit = .
 *(.noinit*)
                0x10000b48                . = ALIGN (0x4)
                0x10000b48                _end_noinit = .
                0x10000b48                PROVIDE (_pvHeapStart, DEFINED (__user_heap_base)?__user_heap_base:.)
                0x10001000                PROVIDE (_vStackTop, DEFINED (__user_stack_top)?__user_stack_top:(__top_RamLoc4 - 0x0))
                [!provide]                PROVIDE (__valid_user_code_checksum, (0x0 - (((_vStackTop + (ResetISR + 0x1)) + (DEFINED (NMI_Handler)?NMI_Handler:M0_NMI_Handler + 0x1)) + (DEFINED (HardFault_Handler)?HardFault_Handler:M0_HardFault_Handler + 0x1))))
OUTPUT(RTOSDemo.axf elf32-littlearm)

.debug_info     0x00000000     0x649c
 .debug_info    0x00000000      0x182 ./Source/FreeRTOS_Source/portable/MemMang/heap_1.o
 .debug_info    0x00000182      0x252 ./Source/FreeRTOS_Source/portable/GCC/ARM_CM0/port.o
 .debug_info    0x000003d4      0x296 ./Source/FreeRTOS_Source/list.o
 .debug_info    0x0000066a      0xe02 ./Source/FreeRTOS_Source/queue.o
 .debug_info    0x0000146c     0x16ac ./Source/FreeRTOS_Source/tasks.o
 .debug_info    0x00002b18      0x949 ./Source/FreeRTOS_Source/timers.o
 .debug_info    0x00003461      0x660 ./Source/Common_Demo_Tasks/IntQueue.o
 .debug_info    0x00003ac1      0x967 ./Source/IntQueueTimer.o
 .debug_info    0x00004428      0x327 ./Source/cr_startup_lpc11.o
 .debug_info    0x0000474f      0x6bf ./Source/main.o
 .debug_info    0x00004e0e     0x113d C:\Users\Asus\Downloads\FreeRTOSv9.0.0\FreeRTOS\Demo\CORTEX_M0_LPC1114_LPCXpresso\CMSISv2p00_LPC11Uxx\Debug\libCMSISv2p00_LPC11Uxx.a(gpio.o)
 .debug_info    0x00005f4b      0x551 C:\Users\Asus\Downloads\FreeRTOSv9.0.0\FreeRTOS\Demo\CORTEX_M0_LPC1114_LPCXpresso\CMSISv2p00_LPC11Uxx\Debug\libCMSISv2p00_LPC11Uxx.a(system_LPC11Uxx.o)

.debug_abbrev   0x00000000     0x121a
 .debug_abbrev  0x00000000      0x10b ./Source/FreeRTOS_Source/portable/MemMang/heap_1.o
 .debug_abbrev  0x0000010b      0x187 ./Source/FreeRTOS_Source/portable/GCC/ARM_CM0/port.o
 .debug_abbrev  0x00000292       0xc1 ./Source/FreeRTOS_Source/list.o
 .debug_abbrev  0x00000353      0x1a6 ./Source/FreeRTOS_Source/queue.o
 .debug_abbrev  0x000004f9      0x247 ./Source/FreeRTOS_Source/tasks.o
 .debug_abbrev  0x00000740      0x1a3 ./Source/FreeRTOS_Source/timers.o
 .debug_abbrev  0x000008e3      0x137 ./Source/Common_Demo_Tasks/IntQueue.o
 .debug_abbrev  0x00000a1a      0x192 ./Source/IntQueueTimer.o
 .debug_abbrev  0x00000bac      0x144 ./Source/cr_startup_lpc11.o
 .debug_abbrev  0x00000cf0      0x1a2 ./Source/main.o
 .debug_abbrev  0x00000e92      0x275 C:\Users\Asus\Downloads\FreeRTOSv9.0.0\FreeRTOS\Demo\CORTEX_M0_LPC1114_LPCXpresso\CMSISv2p00_LPC11Uxx\Debug\libCMSISv2p00_LPC11Uxx.a(gpio.o)
 .debug_abbrev  0x00001107      0x113 C:\Users\Asus\Downloads\FreeRTOSv9.0.0\FreeRTOS\Demo\CORTEX_M0_LPC1114_LPCXpresso\CMSISv2p00_LPC11Uxx\Debug\libCMSISv2p00_LPC11Uxx.a(system_LPC11Uxx.o)

.debug_aranges  0x00000000      0x708
 .debug_aranges
                0x00000000       0x38 ./Source/FreeRTOS_Source/portable/MemMang/heap_1.o
 .debug_aranges
                0x00000038       0x88 ./Source/FreeRTOS_Source/portable/GCC/ARM_CM0/port.o
 .debug_aranges
                0x000000c0       0x40 ./Source/FreeRTOS_Source/list.o
 .debug_aranges
                0x00000100      0x118 ./Source/FreeRTOS_Source/queue.o
 .debug_aranges
                0x00000218      0x1d8 ./Source/FreeRTOS_Source/tasks.o
 .debug_aranges
                0x000003f0       0xb8 ./Source/FreeRTOS_Source/timers.o
 .debug_aranges
                0x000004a8       0x78 ./Source/Common_Demo_Tasks/IntQueue.o
 .debug_aranges
                0x00000520       0x40 ./Source/IntQueueTimer.o
 .debug_aranges
                0x00000560       0x68 ./Source/cr_startup_lpc11.o
 .debug_aranges
                0x000005c8       0x60 ./Source/main.o
 .debug_aranges
                0x00000628       0xb8 C:\Users\Asus\Downloads\FreeRTOSv9.0.0\FreeRTOS\Demo\CORTEX_M0_LPC1114_LPCXpresso\CMSISv2p00_LPC11Uxx\Debug\libCMSISv2p00_LPC11Uxx.a(gpio.o)
 .debug_aranges
                0x000006e0       0x28 C:\Users\Asus\Downloads\FreeRTOSv9.0.0\FreeRTOS\Demo\CORTEX_M0_LPC1114_LPCXpresso\CMSISv2p00_LPC11Uxx\Debug\libCMSISv2p00_LPC11Uxx.a(system_LPC11Uxx.o)

.debug_ranges   0x00000000      0x660
 .debug_ranges  0x00000000       0x28 ./Source/FreeRTOS_Source/portable/MemMang/heap_1.o
 .debug_ranges  0x00000028       0x78 ./Source/FreeRTOS_Source/portable/GCC/ARM_CM0/port.o
 .debug_ranges  0x000000a0       0x30 ./Source/FreeRTOS_Source/list.o
 .debug_ranges  0x000000d0      0x108 ./Source/FreeRTOS_Source/queue.o
 .debug_ranges  0x000001d8      0x1c8 ./Source/FreeRTOS_Source/tasks.o
 .debug_ranges  0x000003a0       0xa8 ./Source/FreeRTOS_Source/timers.o
 .debug_ranges  0x00000448       0x68 ./Source/Common_Demo_Tasks/IntQueue.o
 .debug_ranges  0x000004b0       0x30 ./Source/IntQueueTimer.o
 .debug_ranges  0x000004e0       0x58 ./Source/cr_startup_lpc11.o
 .debug_ranges  0x00000538       0x50 ./Source/main.o
 .debug_ranges  0x00000588       0xc0 C:\Users\Asus\Downloads\FreeRTOSv9.0.0\FreeRTOS\Demo\CORTEX_M0_LPC1114_LPCXpresso\CMSISv2p00_LPC11Uxx\Debug\libCMSISv2p00_LPC11Uxx.a(gpio.o)
 .debug_ranges  0x00000648       0x18 C:\Users\Asus\Downloads\FreeRTOSv9.0.0\FreeRTOS\Demo\CORTEX_M0_LPC1114_LPCXpresso\CMSISv2p00_LPC11Uxx\Debug\libCMSISv2p00_LPC11Uxx.a(system_LPC11Uxx.o)

.debug_macro    0x00000000     0x3aa1
 .debug_macro   0x00000000       0xda ./Source/FreeRTOS_Source/portable/MemMang/heap_1.o
 .debug_macro   0x000000da      0x838 ./Source/FreeRTOS_Source/portable/MemMang/heap_1.o
 .debug_macro   0x00000912       0x10 ./Source/FreeRTOS_Source/portable/MemMang/heap_1.o
 .debug_macro   0x00000922      0x12d ./Source/FreeRTOS_Source/portable/MemMang/heap_1.o
 .debug_macro   0x00000a4f       0x28 ./Source/FreeRTOS_Source/portable/MemMang/heap_1.o
 .debug_macro   0x00000a77      0x5b2 ./Source/FreeRTOS_Source/portable/MemMang/heap_1.o
 .debug_macro   0x00001029       0xfa ./Source/FreeRTOS_Source/portable/MemMang/heap_1.o
 .debug_macro   0x00001123      0x168 ./Source/FreeRTOS_Source/portable/MemMang/heap_1.o
 .debug_macro   0x0000128b       0xaf ./Source/FreeRTOS_Source/portable/MemMang/heap_1.o
 .debug_macro   0x0000133a       0x10 ./Source/FreeRTOS_Source/portable/MemMang/heap_1.o
 .debug_macro   0x0000134a       0x1f ./Source/FreeRTOS_Source/portable/MemMang/heap_1.o
 .debug_macro   0x00001369      0x3f3 ./Source/FreeRTOS_Source/portable/MemMang/heap_1.o
 .debug_macro   0x0000175c       0xc0 ./Source/FreeRTOS_Source/portable/MemMang/heap_1.o
 .debug_macro   0x0000181c       0x8c ./Source/FreeRTOS_Source/portable/MemMang/heap_1.o
 .debug_macro   0x000018a8      0x102 ./Source/FreeRTOS_Source/portable/GCC/ARM_CM0/port.o
 .debug_macro   0x000019aa       0x16 ./Source/FreeRTOS_Source/portable/GCC/ARM_CM0/port.o
 .debug_macro   0x000019c0       0xb9 ./Source/FreeRTOS_Source/list.o
 .debug_macro   0x00001a79      0x122 ./Source/FreeRTOS_Source/queue.o
 .debug_macro   0x00001b9b       0x94 ./Source/FreeRTOS_Source/queue.o
 .debug_macro   0x00001c2f      0x18c ./Source/FreeRTOS_Source/tasks.o
 .debug_macro   0x00001dbb       0x91 ./Source/FreeRTOS_Source/tasks.o
 .debug_macro   0x00001e4c       0x10 ./Source/FreeRTOS_Source/tasks.o
 .debug_macro   0x00001e5c       0xf6 ./Source/FreeRTOS_Source/timers.o
 .debug_macro   0x00001f52      0x154 ./Source/Common_Demo_Tasks/IntQueue.o
 .debug_macro   0x000020a6       0x10 ./Source/Common_Demo_Tasks/IntQueue.o
 .debug_macro   0x000020b6      0x11a ./Source/IntQueueTimer.o
 .debug_macro   0x000021d0       0x1c ./Source/IntQueueTimer.o
 .debug_macro   0x000021ec       0x2e ./Source/IntQueueTimer.o
 .debug_macro   0x0000221a      0x237 ./Source/IntQueueTimer.o
 .debug_macro   0x00002451      0x10e ./Source/IntQueueTimer.o
 .debug_macro   0x0000255f       0x82 ./Source/cr_startup_lpc11.o
 .debug_macro   0x000025e1      0x83e ./Source/cr_startup_lpc11.o
 .debug_macro   0x00002e1f       0x1c ./Source/cr_startup_lpc11.o
 .debug_macro   0x00002e3b      0x10e ./Source/cr_startup_lpc11.o
 .debug_macro   0x00002f49      0x138 ./Source/main.o
 .debug_macro   0x00003081       0x52 ./Source/main.o
 .debug_macro   0x000030d3       0x7f C:\Users\Asus\Downloads\FreeRTOSv9.0.0\FreeRTOS\Demo\CORTEX_M0_LPC1114_LPCXpresso\CMSISv2p00_LPC11Uxx\Debug\libCMSISv2p00_LPC11Uxx.a(gpio.o)
 .debug_macro   0x00003152      0x838 C:\Users\Asus\Downloads\FreeRTOSv9.0.0\FreeRTOS\Demo\CORTEX_M0_LPC1114_LPCXpresso\CMSISv2p00_LPC11Uxx\Debug\libCMSISv2p00_LPC11Uxx.a(gpio.o)
 .debug_macro   0x0000398a      0x117 C:\Users\Asus\Downloads\FreeRTOSv9.0.0\FreeRTOS\Demo\CORTEX_M0_LPC1114_LPCXpresso\CMSISv2p00_LPC11Uxx\Debug\libCMSISv2p00_LPC11Uxx.a(system_LPC11Uxx.o)

.debug_line     0x00000000     0x40d4
 .debug_line    0x00000000      0x381 ./Source/FreeRTOS_Source/portable/MemMang/heap_1.o
 .debug_line    0x00000381      0x44a ./Source/FreeRTOS_Source/portable/GCC/ARM_CM0/port.o
 .debug_line    0x000007cb      0x385 ./Source/FreeRTOS_Source/list.o
 .debug_line    0x00000b50      0x94c ./Source/FreeRTOS_Source/queue.o
 .debug_line    0x0000149c      0xdff ./Source/FreeRTOS_Source/tasks.o
 .debug_line    0x0000229b      0x5c3 ./Source/FreeRTOS_Source/timers.o
 .debug_line    0x0000285e      0x654 ./Source/Common_Demo_Tasks/IntQueue.o
 .debug_line    0x00002eb2      0x4d5 ./Source/IntQueueTimer.o
 .debug_line    0x00003387      0x232 ./Source/cr_startup_lpc11.o
 .debug_line    0x000035b9      0x4b4 ./Source/main.o
 .debug_line    0x00003a6d      0x47f C:\Users\Asus\Downloads\FreeRTOSv9.0.0\FreeRTOS\Demo\CORTEX_M0_LPC1114_LPCXpresso\CMSISv2p00_LPC11Uxx\Debug\libCMSISv2p00_LPC11Uxx.a(gpio.o)
 .debug_line    0x00003eec      0x1e8 C:\Users\Asus\Downloads\FreeRTOSv9.0.0\FreeRTOS\Demo\CORTEX_M0_LPC1114_LPCXpresso\CMSISv2p00_LPC11Uxx\Debug\libCMSISv2p00_LPC11Uxx.a(system_LPC11Uxx.o)

.debug_str      0x00000000     0xd7d5
 .debug_str     0x00000000     0x6f36 ./Source/FreeRTOS_Source/portable/MemMang/heap_1.o
                               0x6fcf (size before relaxing)
 .debug_str     0x00006f36      0x3c0 ./Source/FreeRTOS_Source/portable/GCC/ARM_CM0/port.o
                               0x7219 (size before relaxing)
 .debug_str     0x000072f6      0x137 ./Source/FreeRTOS_Source/list.o
                               0x6a12 (size before relaxing)
 .debug_str     0x0000742d      0xf83 ./Source/FreeRTOS_Source/queue.o
                               0x7f6e (size before relaxing)
 .debug_str     0x000083b0     0x1bf6 ./Source/FreeRTOS_Source/tasks.o
                               0x8ce7 (size before relaxing)
 .debug_str     0x00009fa6      0x41a ./Source/FreeRTOS_Source/timers.o
                               0x83ff (size before relaxing)
 .debug_str     0x0000a3c0      0xb3e ./Source/Common_Demo_Tasks/IntQueue.o
                               0x8205 (size before relaxing)
 .debug_str     0x0000aefe     0x19f5 ./Source/IntQueueTimer.o
                               0x8825 (size before relaxing)
 .debug_str     0x0000c8f3      0x2bc ./Source/cr_startup_lpc11.o
                               0x5131 (size before relaxing)
 .debug_str     0x0000cbaf      0x299 ./Source/main.o
                               0x8f9e (size before relaxing)
 .debug_str     0x0000ce48      0x680 C:\Users\Asus\Downloads\FreeRTOSv9.0.0\FreeRTOS\Demo\CORTEX_M0_LPC1114_LPCXpresso\CMSISv2p00_LPC11Uxx\Debug\libCMSISv2p00_LPC11Uxx.a(gpio.o)
                               0x5a6a (size before relaxing)
 .debug_str     0x0000d4c8      0x30d C:\Users\Asus\Downloads\FreeRTOSv9.0.0\FreeRTOS\Demo\CORTEX_M0_LPC1114_LPCXpresso\CMSISv2p00_LPC11Uxx\Debug\libCMSISv2p00_LPC11Uxx.a(system_LPC11Uxx.o)
                               0x5496 (size before relaxing)

.comment        0x00000000       0xdc
 .comment       0x00000000       0x6e ./Source/FreeRTOS_Source/portable/MemMang/heap_1.o
                                 0x6f (size before relaxing)
 .comment       0x0000006e       0x6f ./Source/FreeRTOS_Source/portable/GCC/ARM_CM0/port.o
 .comment       0x0000006e       0x6f ./Source/FreeRTOS_Source/list.o
 .comment       0x0000006e       0x6f ./Source/FreeRTOS_Source/queue.o
 .comment       0x0000006e       0x6f ./Source/FreeRTOS_Source/tasks.o
 .comment       0x0000006e       0x6f ./Source/FreeRTOS_Source/timers.o
 .comment       0x0000006e       0x6f ./Source/Common_Demo_Tasks/IntQueue.o
 .comment       0x0000006e       0x6f ./Source/IntQueueTimer.o
 .comment       0x0000006e       0x6f ./Source/cr_startup_lpc11.o
 .comment       0x0000006e       0x6f ./Source/main.o
 .comment       0x0000006e       0x6f C:\Users\Asus\Downloads\FreeRTOSv9.0.0\FreeRTOS\Demo\CORTEX_M0_LPC1114_LPCXpresso\CMSISv2p00_LPC11Uxx\Debug\libCMSISv2p00_LPC11Uxx.a(gpio.o)
 .comment       0x0000006e       0x6f C:\Users\Asus\Downloads\FreeRTOSv9.0.0\FreeRTOS\Demo\CORTEX_M0_LPC1114_LPCXpresso\CMSISv2p00_LPC11Uxx\Debug\libCMSISv2p00_LPC11Uxx.a(system_LPC11Uxx.o)
 .comment       0x0000006e       0x6e c:/nxp/lpcxpresso_8.2.2_650/lpcxpresso/tools/bin/../lib/gcc/arm-none-eabi/5.4.1/../../../../arm-none-eabi/lib/armv6-m\libcr_c.a(memcpy.o)
                                 0x6f (size before relaxing)
 .comment       0x000000dc       0x6f c:/nxp/lpcxpresso_8.2.2_650/lpcxpresso/tools/bin/../lib/gcc/arm-none-eabi/5.4.1/../../../../arm-none-eabi/lib/armv6-m\libcr_c.a(memset.o)
 .comment       0x000000dc       0x6f c:/nxp/lpcxpresso_8.2.2_650/lpcxpresso/tools/bin/../lib/gcc/arm-none-eabi/5.4.1/../../../../arm-none-eabi/lib/armv6-m\libcr_c.a(__weak__main.o)

.ARM.attributes
                0x00000000       0x2f
 .ARM.attributes
                0x00000000       0x31 ./Source/FreeRTOS_Source/portable/MemMang/heap_1.o
 .ARM.attributes
                0x00000031       0x31 ./Source/FreeRTOS_Source/portable/GCC/ARM_CM0/port.o
 .ARM.attributes
                0x00000062       0x31 ./Source/FreeRTOS_Source/list.o
 .ARM.attributes
                0x00000093       0x31 ./Source/FreeRTOS_Source/queue.o
 .ARM.attributes
                0x000000c4       0x31 ./Source/FreeRTOS_Source/tasks.o
 .ARM.attributes
                0x000000f5       0x31 ./Source/FreeRTOS_Source/timers.o
 .ARM.attributes
                0x00000126       0x31 ./Source/Common_Demo_Tasks/IntQueue.o
 .ARM.attributes
                0x00000157       0x31 ./Source/IntQueueTimer.o
 .ARM.attributes
                0x00000188       0x31 ./Source/cr_startup_lpc11.o
 .ARM.attributes
                0x000001b9       0x31 ./Source/main.o
 .ARM.attributes
                0x000001ea       0x31 C:\Users\Asus\Downloads\FreeRTOSv9.0.0\FreeRTOS\Demo\CORTEX_M0_LPC1114_LPCXpresso\CMSISv2p00_LPC11Uxx\Debug\libCMSISv2p00_LPC11Uxx.a(gpio.o)
 .ARM.attributes
                0x0000021b       0x31 C:\Users\Asus\Downloads\FreeRTOSv9.0.0\FreeRTOS\Demo\CORTEX_M0_LPC1114_LPCXpresso\CMSISv2p00_LPC11Uxx\Debug\libCMSISv2p00_LPC11Uxx.a(system_LPC11Uxx.o)
 .ARM.attributes
                0x0000024c       0x31 c:/nxp/lpcxpresso_8.2.2_650/lpcxpresso/tools/bin/../lib/gcc/arm-none-eabi/5.4.1/../../../../arm-none-eabi/lib/armv6-m\libcr_c.a(memcpy.o)
 .ARM.attributes
                0x0000027d       0x31 c:/nxp/lpcxpresso_8.2.2_650/lpcxpresso/tools/bin/../lib/gcc/arm-none-eabi/5.4.1/../../../../arm-none-eabi/lib/armv6-m\libcr_c.a(memset.o)
 .ARM.attributes
                0x000002ae       0x31 c:/nxp/lpcxpresso_8.2.2_650/lpcxpresso/tools/bin/../lib/gcc/arm-none-eabi/5.4.1/../../../../arm-none-eabi/lib/armv6-m\libcr_c.a(__weak__main.o)
 .ARM.attributes
                0x000002df       0x21 c:/nxp/lpcxpresso_8.2.2_650/lpcxpresso/tools/bin/../lib/gcc/arm-none-eabi/5.4.1/armv6-m\libcr_eabihelpers.a(division_32.o)
 .ARM.attributes
                0x00000300       0x21 c:/nxp/lpcxpresso_8.2.2_650/lpcxpresso/tools/bin/../lib/gcc/arm-none-eabi/5.4.1/armv6-m\libcr_eabihelpers.a(division_idiv0.o)
 .ARM.attributes
                0x00000321       0x21 c:/nxp/lpcxpresso_8.2.2_650/lpcxpresso/tools/bin/../lib/gcc/arm-none-eabi/5.4.1/armv6-m\libcr_eabihelpers.a(memcpy.o)

.debug_frame    0x00000000     0x1674
 .debug_frame   0x00000000       0x88 ./Source/FreeRTOS_Source/portable/MemMang/heap_1.o
 .debug_frame   0x00000088      0x174 ./Source/FreeRTOS_Source/portable/GCC/ARM_CM0/port.o
 .debug_frame   0x000001fc       0xb0 ./Source/FreeRTOS_Source/list.o
 .debug_frame   0x000002ac      0x410 ./Source/FreeRTOS_Source/queue.o
 .debug_frame   0x000006bc      0x6fc ./Source/FreeRTOS_Source/tasks.o
 .debug_frame   0x00000db8      0x288 ./Source/FreeRTOS_Source/timers.o
 .debug_frame   0x00001040      0x18c ./Source/Common_Demo_Tasks/IntQueue.o
 .debug_frame   0x000011cc       0xac ./Source/IntQueueTimer.o
 .debug_frame   0x00001278       0xc4 ./Source/cr_startup_lpc11.o
 .debug_frame   0x0000133c      0x120 ./Source/main.o
 .debug_frame   0x0000145c      0x1cc C:\Users\Asus\Downloads\FreeRTOSv9.0.0\FreeRTOS\Demo\CORTEX_M0_LPC1114_LPCXpresso\CMSISv2p00_LPC11Uxx\Debug\libCMSISv2p00_LPC11Uxx.a(gpio.o)
 .debug_frame   0x00001628       0x4c C:\Users\Asus\Downloads\FreeRTOSv9.0.0\FreeRTOS\Demo\CORTEX_M0_LPC1114_LPCXpresso\CMSISv2p00_LPC11Uxx\Debug\libCMSISv2p00_LPC11Uxx.a(system_LPC11Uxx.o)

.debug_loc      0x00000000      0x815
 .debug_loc     0x00000000      0x1d4 ./Source/cr_startup_lpc11.o
 .debug_loc     0x000001d4      0x5e8 C:\Users\Asus\Downloads\FreeRTOSv9.0.0\FreeRTOS\Demo\CORTEX_M0_LPC1114_LPCXpresso\CMSISv2p00_LPC11Uxx\Debug\libCMSISv2p00_LPC11Uxx.a(gpio.o)
 .debug_loc     0x000007bc       0x59 C:\Users\Asus\Downloads\FreeRTOSv9.0.0\FreeRTOS\Demo\CORTEX_M0_LPC1114_LPCXpresso\CMSISv2p00_LPC11Uxx\Debug\libCMSISv2p00_LPC11Uxx.a(system_LPC11Uxx.o)
